------------------------------------------------------------
Timing Analyzer Summary
------------------------------------------------------------

Type  : Slow 1100mV 85C Model Setup 'Op_Code[2]'
Slack : -3.254
TNS   : -9.602

Type  : Slow 1100mV 85C Model Hold 'Op_Code[2]'
Slack : 1.193
TNS   : 0.000

Type  : Slow 1100mV 85C Model Minimum Pulse Width 'Op_Code[2]'
Slack : 0.387
TNS   : 0.000

Type  : Slow 1100mV 0C Model Setup 'Op_Code[2]'
Slack : -3.170
TNS   : -9.403

Type  : Slow 1100mV 0C Model Hold 'Op_Code[2]'
Slack : 1.027
TNS   : 0.000

Type  : Slow 1100mV 0C Model Minimum Pulse Width 'Op_Code[2]'
Slack : 0.369
TNS   : 0.000

Type  : Fast 1100mV 85C Model Setup 'Op_Code[2]'
Slack : -2.137
TNS   : -6.251

Type  : Fast 1100mV 85C Model Hold 'Op_Code[2]'
Slack : 0.704
TNS   : 0.000

Type  : Fast 1100mV 85C Model Minimum Pulse Width 'Op_Code[2]'
Slack : 0.095
TNS   : 0.000

Type  : Fast 1100mV 0C Model Setup 'Op_Code[2]'
Slack : -1.955
TNS   : -5.716

Type  : Fast 1100mV 0C Model Hold 'Op_Code[2]'
Slack : 0.592
TNS   : 0.000

Type  : Fast 1100mV 0C Model Minimum Pulse Width 'Op_Code[2]'
Slack : 0.079
TNS   : 0.000

------------------------------------------------------------
