Analysis & Elaboration report for alu_module
Mon Sep 16 22:58:36 2019
Quartus Prime Version 18.1.0 Build 625 09/12/2018 SJ Lite Edition


---------------------
; Table of Contents ;
---------------------
  1. Legal Notice
  2. Analysis & Elaboration Summary
  3. Parallel Compilation
  4. Parameter Settings for User Entity Instance: Top-level Entity: |alu_module
  5. Parameter Settings for User Entity Instance: Shifter:sll
  6. Parameter Settings for User Entity Instance: Shifter:sll|Shift:generate_shift_registers[1].sb
  7. Parameter Settings for User Entity Instance: Shifter:sll|Shift:sb_0
  8. Parameter Settings for User Entity Instance: Shifter:sll|Shift:sb_N
  9. Parameter Settings for User Entity Instance: N_BIT_ADDER:adder
 10. Parameter Settings for User Entity Instance: N_BIT_ADDER:adder|A2_complement:a2_c
 11. Analysis & Elaboration Settings
 12. Port Connectivity Checks: "N_BIT_ADDER:adder|A2_complement:a2_c|A2_complement_aux:a2_aux2"
 13. Port Connectivity Checks: "N_BIT_ADDER:adder|A2_complement:a2_c|A2_complement_aux:generate_A2_auxs[2].a2_aux1"
 14. Port Connectivity Checks: "N_BIT_ADDER:adder|A2_complement:a2_c"
 15. Port Connectivity Checks: "Shifter:sll|Shift:sb_N"
 16. Port Connectivity Checks: "Shifter:sll|Shift:generate_shift_registers[1].sb|ShiftBit:sb_0"
 17. Analysis & Elaboration Messages
 18. Analysis & Elaboration Suppressed Messages



----------------
; Legal Notice ;
----------------
Copyright (C) 2018  Intel Corporation. All rights reserved.
Your use of Intel Corporation's design tools, logic functions 
and other software and tools, and its AMPP partner logic 
functions, and any output files from any of the foregoing 
(including device programming or simulation files), and any 
associated documentation or information are expressly subject 
to the terms and conditions of the Intel Program License 
Subscription Agreement, the Intel Quartus Prime License Agreement,
the Intel FPGA IP License Agreement, or other applicable license
agreement, including, without limitation, that your use is for
the sole purpose of programming logic devices manufactured by
Intel and sold by Intel or its authorized distributors.  Please
refer to the applicable agreement for further details.



+-----------------------------------------------------------------------------+
; Analysis & Elaboration Summary                                              ;
+-------------------------------+---------------------------------------------+
; Analysis & Elaboration Status ; Successful - Mon Sep 16 22:58:36 2019       ;
; Quartus Prime Version         ; 18.1.0 Build 625 09/12/2018 SJ Lite Edition ;
; Revision Name                 ; alu_module                                  ;
; Top-level Entity Name         ; alu_module                                  ;
; Family                        ; Cyclone V                                   ;
; Logic utilization (in ALMs)   ; N/A until Partition Merge                   ;
; Total registers               ; N/A until Partition Merge                   ;
; Total pins                    ; N/A until Partition Merge                   ;
; Total virtual pins            ; N/A until Partition Merge                   ;
; Total block memory bits       ; N/A until Partition Merge                   ;
; Total PLLs                    ; N/A until Partition Merge                   ;
; Total DLLs                    ; N/A until Partition Merge                   ;
+-------------------------------+---------------------------------------------+


+------------------------------------------+
; Parallel Compilation                     ;
+----------------------------+-------------+
; Processors                 ; Number      ;
+----------------------------+-------------+
; Number detected on machine ; 8           ;
; Maximum allowed            ; 4           ;
;                            ;             ;
; Average used               ; 1.00        ;
; Maximum used               ; 1           ;
;                            ;             ;
; Usage by Processor         ; % Time Used ;
;     Processor 1            ; 100.0%      ;
+----------------------------+-------------+


+----------------------------------------------------------------------------+
; Parameter Settings for User Entity Instance: Top-level Entity: |alu_module ;
+----------------+-------+---------------------------------------------------+
; Parameter Name ; Value ; Type                                              ;
+----------------+-------+---------------------------------------------------+
; N              ; 3     ; Signed Integer                                    ;
+----------------+-------+---------------------------------------------------+
Note: In order to hide this table in the UI and the text report file, please set the "Show Parameter Settings in Synthesis Report" option in "Analysis and Synthesis Settings -> More Settings" to "Off".


+----------------------------------------------------------+
; Parameter Settings for User Entity Instance: Shifter:sll ;
+----------------+-------+---------------------------------+
; Parameter Name ; Value ; Type                            ;
+----------------+-------+---------------------------------+
; WIDTH          ; 3     ; Signed Integer                  ;
+----------------+-------+---------------------------------+
Note: In order to hide this table in the UI and the text report file, please set the "Show Parameter Settings in Synthesis Report" option in "Analysis and Synthesis Settings -> More Settings" to "Off".


+-----------------------------------------------------------------------------------------------+
; Parameter Settings for User Entity Instance: Shifter:sll|Shift:generate_shift_registers[1].sb ;
+----------------+-------+----------------------------------------------------------------------+
; Parameter Name ; Value ; Type                                                                 ;
+----------------+-------+----------------------------------------------------------------------+
; WIDTH          ; 3     ; Signed Integer                                                       ;
+----------------+-------+----------------------------------------------------------------------+
Note: In order to hide this table in the UI and the text report file, please set the "Show Parameter Settings in Synthesis Report" option in "Analysis and Synthesis Settings -> More Settings" to "Off".


+---------------------------------------------------------------------+
; Parameter Settings for User Entity Instance: Shifter:sll|Shift:sb_0 ;
+----------------+-------+--------------------------------------------+
; Parameter Name ; Value ; Type                                       ;
+----------------+-------+--------------------------------------------+
; WIDTH          ; 3     ; Signed Integer                             ;
+----------------+-------+--------------------------------------------+
Note: In order to hide this table in the UI and the text report file, please set the "Show Parameter Settings in Synthesis Report" option in "Analysis and Synthesis Settings -> More Settings" to "Off".


+---------------------------------------------------------------------+
; Parameter Settings for User Entity Instance: Shifter:sll|Shift:sb_N ;
+----------------+-------+--------------------------------------------+
; Parameter Name ; Value ; Type                                       ;
+----------------+-------+--------------------------------------------+
; WIDTH          ; 3     ; Signed Integer                             ;
+----------------+-------+--------------------------------------------+
Note: In order to hide this table in the UI and the text report file, please set the "Show Parameter Settings in Synthesis Report" option in "Analysis and Synthesis Settings -> More Settings" to "Off".


+----------------------------------------------------------------+
; Parameter Settings for User Entity Instance: N_BIT_ADDER:adder ;
+----------------+-------+---------------------------------------+
; Parameter Name ; Value ; Type                                  ;
+----------------+-------+---------------------------------------+
; N              ; 3     ; Signed Integer                        ;
+----------------+-------+---------------------------------------+
Note: In order to hide this table in the UI and the text report file, please set the "Show Parameter Settings in Synthesis Report" option in "Analysis and Synthesis Settings -> More Settings" to "Off".


+-----------------------------------------------------------------------------------+
; Parameter Settings for User Entity Instance: N_BIT_ADDER:adder|A2_complement:a2_c ;
+----------------+-------+----------------------------------------------------------+
; Parameter Name ; Value ; Type                                                     ;
+----------------+-------+----------------------------------------------------------+
; WIDTH          ; 3     ; Signed Integer                                           ;
+----------------+-------+----------------------------------------------------------+
Note: In order to hide this table in the UI and the text report file, please set the "Show Parameter Settings in Synthesis Report" option in "Analysis and Synthesis Settings -> More Settings" to "Off".


+---------------------------------------------------------------------------------------------------------------------------+
; Analysis & Elaboration Settings                                                                                           ;
+---------------------------------------------------------------------------------+--------------------+--------------------+
; Option                                                                          ; Setting            ; Default Value      ;
+---------------------------------------------------------------------------------+--------------------+--------------------+
; Device                                                                          ; 5CSEMA5F31C6       ;                    ;
; Top-level entity name                                                           ; alu_module         ; alu_module         ;
; Family name                                                                     ; Cyclone V          ; Cyclone V          ;
; Use smart compilation                                                           ; Off                ; Off                ;
; Enable parallel Assembler and Timing Analyzer during compilation                ; On                 ; On                 ;
; Enable compact report table                                                     ; Off                ; Off                ;
; Restructure Multiplexers                                                        ; Auto               ; Auto               ;
; MLAB Add Timing Constraints For Mixed-Port Feed-Through Mode Setting Don't Care ; Off                ; Off                ;
; Create Debugging Nodes for IP Cores                                             ; Off                ; Off                ;
; Preserve fewer node names                                                       ; On                 ; On                 ;
; Intel FPGA IP Evaluation Mode                                                   ; Enable             ; Enable             ;
; Verilog Version                                                                 ; Verilog_2001       ; Verilog_2001       ;
; VHDL Version                                                                    ; VHDL_1993          ; VHDL_1993          ;
; State Machine Processing                                                        ; Auto               ; Auto               ;
; Safe State Machine                                                              ; Off                ; Off                ;
; Extract Verilog State Machines                                                  ; On                 ; On                 ;
; Extract VHDL State Machines                                                     ; On                 ; On                 ;
; Ignore Verilog initial constructs                                               ; Off                ; Off                ;
; Iteration limit for constant Verilog loops                                      ; 5000               ; 5000               ;
; Iteration limit for non-constant Verilog loops                                  ; 250                ; 250                ;
; Add Pass-Through Logic to Inferred RAMs                                         ; On                 ; On                 ;
; Infer RAMs from Raw Logic                                                       ; On                 ; On                 ;
; Parallel Synthesis                                                              ; On                 ; On                 ;
; DSP Block Balancing                                                             ; Auto               ; Auto               ;
; NOT Gate Push-Back                                                              ; On                 ; On                 ;
; Power-Up Don't Care                                                             ; On                 ; On                 ;
; Remove Redundant Logic Cells                                                    ; Off                ; Off                ;
; Remove Duplicate Registers                                                      ; On                 ; On                 ;
; Ignore CARRY Buffers                                                            ; Off                ; Off                ;
; Ignore CASCADE Buffers                                                          ; Off                ; Off                ;
; Ignore GLOBAL Buffers                                                           ; Off                ; Off                ;
; Ignore ROW GLOBAL Buffers                                                       ; Off                ; Off                ;
; Ignore LCELL Buffers                                                            ; Off                ; Off                ;
; Ignore SOFT Buffers                                                             ; On                 ; On                 ;
; Limit AHDL Integers to 32 Bits                                                  ; Off                ; Off                ;
; Optimization Technique                                                          ; Balanced           ; Balanced           ;
; Carry Chain Length                                                              ; 70                 ; 70                 ;
; Auto Carry Chains                                                               ; On                 ; On                 ;
; Auto Open-Drain Pins                                                            ; On                 ; On                 ;
; Perform WYSIWYG Primitive Resynthesis                                           ; Off                ; Off                ;
; Auto ROM Replacement                                                            ; On                 ; On                 ;
; Auto RAM Replacement                                                            ; On                 ; On                 ;
; Auto DSP Block Replacement                                                      ; On                 ; On                 ;
; Auto Shift Register Replacement                                                 ; Auto               ; Auto               ;
; Allow Shift Register Merging across Hierarchies                                 ; Auto               ; Auto               ;
; Auto Clock Enable Replacement                                                   ; On                 ; On                 ;
; Strict RAM Replacement                                                          ; Off                ; Off                ;
; Allow Synchronous Control Signals                                               ; On                 ; On                 ;
; Force Use of Synchronous Clear Signals                                          ; Off                ; Off                ;
; Auto Resource Sharing                                                           ; Off                ; Off                ;
; Allow Any RAM Size For Recognition                                              ; Off                ; Off                ;
; Allow Any ROM Size For Recognition                                              ; Off                ; Off                ;
; Allow Any Shift Register Size For Recognition                                   ; Off                ; Off                ;
; Use LogicLock Constraints during Resource Balancing                             ; On                 ; On                 ;
; Ignore translate_off and synthesis_off directives                               ; Off                ; Off                ;
; Timing-Driven Synthesis                                                         ; On                 ; On                 ;
; Report Parameter Settings                                                       ; On                 ; On                 ;
; Report Source Assignments                                                       ; On                 ; On                 ;
; Report Connectivity Checks                                                      ; On                 ; On                 ;
; Ignore Maximum Fan-Out Assignments                                              ; Off                ; Off                ;
; Synchronization Register Chain Length                                           ; 3                  ; 3                  ;
; Power Optimization During Synthesis                                             ; Normal compilation ; Normal compilation ;
; HDL message level                                                               ; Level2             ; Level2             ;
; Suppress Register Optimization Related Messages                                 ; Off                ; Off                ;
; Number of Removed Registers Reported in Synthesis Report                        ; 5000               ; 5000               ;
; Number of Swept Nodes Reported in Synthesis Report                              ; 5000               ; 5000               ;
; Number of Inverted Registers Reported in Synthesis Report                       ; 100                ; 100                ;
; Clock MUX Protection                                                            ; On                 ; On                 ;
; Auto Gated Clock Conversion                                                     ; Off                ; Off                ;
; Block Design Naming                                                             ; Auto               ; Auto               ;
; SDC constraint protection                                                       ; Off                ; Off                ;
; Synthesis Effort                                                                ; Auto               ; Auto               ;
; Shift Register Replacement - Allow Asynchronous Clear Signal                    ; On                 ; On                 ;
; Pre-Mapping Resynthesis Optimization                                            ; Off                ; Off                ;
; Analysis & Synthesis Message Level                                              ; Medium             ; Medium             ;
; Disable Register Merging Across Hierarchies                                     ; Auto               ; Auto               ;
; Resource Aware Inference For Block RAM                                          ; On                 ; On                 ;
; Automatic Parallel Synthesis                                                    ; On                 ; On                 ;
; Partial Reconfiguration Bitstream ID                                            ; Off                ; Off                ;
+---------------------------------------------------------------------------------+--------------------+--------------------+


+--------------------------------------------------------------------------------------------+
; Port Connectivity Checks: "N_BIT_ADDER:adder|A2_complement:a2_c|A2_complement_aux:a2_aux2" ;
+--------+-------+----------+----------------------------------------------------------------+
; Port   ; Type  ; Severity ; Details                                                        ;
+--------+-------+----------+----------------------------------------------------------------+
; flag_i ; Input ; Info     ; Stuck at GND                                                   ;
+--------+-------+----------+----------------------------------------------------------------+


+------------------------------------------------------------------------------------------------------------------+
; Port Connectivity Checks: "N_BIT_ADDER:adder|A2_complement:a2_c|A2_complement_aux:generate_A2_auxs[2].a2_aux1"   ;
+--------+--------+----------+-------------------------------------------------------------------------------------+
; Port   ; Type   ; Severity ; Details                                                                             ;
+--------+--------+----------+-------------------------------------------------------------------------------------+
; flag_o ; Output ; Info     ; Connected to dangling logic. Logic that only feeds a dangling port will be removed. ;
+--------+--------+----------+-------------------------------------------------------------------------------------+


+----------------------------------------------------------------------------------------------------------------------------------------+
; Port Connectivity Checks: "N_BIT_ADDER:adder|A2_complement:a2_c"                                                                       ;
+---------+--------+----------+----------------------------------------------------------------------------------------------------------+
; Port    ; Type   ; Severity ; Details                                                                                                  ;
+---------+--------+----------+----------------------------------------------------------------------------------------------------------+
; carry_o ; Output ; Warning  ; Declared by entity but not connected by instance. Logic that only feeds a dangling port will be removed. ;
+---------+--------+----------+----------------------------------------------------------------------------------------------------------+


+----------------------------------------------------------------------------------------------------------------------------------------+
; Port Connectivity Checks: "Shifter:sll|Shift:sb_N"                                                                                     ;
+---------+--------+----------+----------------------------------------------------------------------------------------------------------+
; Port    ; Type   ; Severity ; Details                                                                                                  ;
+---------+--------+----------+----------------------------------------------------------------------------------------------------------+
; shamt_o ; Output ; Warning  ; Declared by entity but not connected by instance. Logic that only feeds a dangling port will be removed. ;
+---------+--------+----------+----------------------------------------------------------------------------------------------------------+


+--------------------------------------------------------------------------------------------+
; Port Connectivity Checks: "Shifter:sll|Shift:generate_shift_registers[1].sb|ShiftBit:sb_0" ;
+---------------+-------+----------+---------------------------------------------------------+
; Port          ; Type  ; Severity ; Details                                                 ;
+---------------+-------+----------+---------------------------------------------------------+
; carry_right_i ; Input ; Info     ; Stuck at GND                                            ;
+---------------+-------+----------+---------------------------------------------------------+


+---------------------------------+
; Analysis & Elaboration Messages ;
+---------------------------------+
Info: *******************************************************************
Info: Running Quartus Prime Analysis & Elaboration
    Info: Version 18.1.0 Build 625 09/12/2018 SJ Lite Edition
    Info: Processing started: Mon Sep 16 22:58:26 2019
Info: Command: quartus_map --read_settings_files=on --write_settings_files=off alu -c alu_module --analysis_and_elaboration
Warning (18236): Number of processors has not been specified which may cause overloading on shared machines.  Set the global assignment NUM_PARALLEL_PROCESSORS in your QSF to an appropriate value for best performance.
Info (20030): Parallel compilation is enabled and will use 4 of the 4 processors detected
Info (12021): Found 1 design units, including 1 entities, in source file seven_segments.sv
    Info (12023): Found entity 1: seven_segments File: /home/gsegura/Documents/taller/laboratorio3/LAB 3/seven_segments.sv Line: 1
Info (12021): Found 1 design units, including 1 entities, in source file Shifter.sv
    Info (12023): Found entity 1: Shifter File: /home/gsegura/Documents/taller/laboratorio3/LAB 3/Shifter.sv Line: 7
Info (12021): Found 1 design units, including 1 entities, in source file ShiftBit.sv
    Info (12023): Found entity 1: ShiftBit File: /home/gsegura/Documents/taller/laboratorio3/LAB 3/ShiftBit.sv Line: 4
Info (12021): Found 1 design units, including 1 entities, in source file Shift.sv
    Info (12023): Found entity 1: Shift File: /home/gsegura/Documents/taller/laboratorio3/LAB 3/Shift.sv Line: 6
Info (12021): Found 1 design units, including 1 entities, in source file register.sv
    Info (12023): Found entity 1: register File: /home/gsegura/Documents/taller/laboratorio3/LAB 3/register.sv Line: 1
Info (12021): Found 1 design units, including 1 entities, in source file alu_module_tb.sv
    Info (12023): Found entity 1: alu_module_tb File: /home/gsegura/Documents/taller/laboratorio3/LAB 3/alu_module_tb.sv Line: 1
Info (12021): Found 3 design units, including 3 entities, in source file N_BIT_ADDER.sv
    Info (12023): Found entity 1: N_BIT_ADDER File: /home/gsegura/Documents/taller/laboratorio3/LAB 3/N_BIT_ADDER.sv Line: 2
    Info (12023): Found entity 2: HALF_ADDER File: /home/gsegura/Documents/taller/laboratorio3/LAB 3/N_BIT_ADDER.sv Line: 28
    Info (12023): Found entity 3: FULL_ADDER File: /home/gsegura/Documents/taller/laboratorio3/LAB 3/N_BIT_ADDER.sv Line: 42
Info (12021): Found 1 design units, including 1 entities, in source file alu_module.sv
    Info (12023): Found entity 1: alu_module File: /home/gsegura/Documents/taller/laboratorio3/LAB 3/alu_module.sv Line: 1
Info (12021): Found 1 design units, including 1 entities, in source file ALU_TEST.sv
    Info (12023): Found entity 1: ALU_TEST File: /home/gsegura/Documents/taller/laboratorio3/LAB 3/ALU_TEST.sv Line: 1
Info (12021): Found 1 design units, including 1 entities, in source file A2_complement.sv
    Info (12023): Found entity 1: A2_complement File: /home/gsegura/Documents/taller/laboratorio3/LAB 3/A2_complement.sv Line: 1
Info (12021): Found 1 design units, including 1 entities, in source file A2_complement_aux.sv
    Info (12023): Found entity 1: A2_complement_aux File: /home/gsegura/Documents/taller/laboratorio3/LAB 3/A2_complement_aux.sv Line: 1
Info (12021): Found 1 design units, including 1 entities, in source file display_results.sv
    Info (12023): Found entity 1: display_results File: /home/gsegura/Documents/taller/laboratorio3/LAB 3/display_results.sv Line: 1
Info (12127): Elaborating entity "alu_module" for the top level hierarchy
Warning (10270): Verilog HDL Case Statement warning at alu_module.sv(24): incomplete case statement has no default case item File: /home/gsegura/Documents/taller/laboratorio3/LAB 3/alu_module.sv Line: 24
Warning (10240): Verilog HDL Always Construct warning at alu_module.sv(24): inferring latch(es) for variable "Alu_Out", which holds its previous value in one or more paths through the always construct File: /home/gsegura/Documents/taller/laboratorio3/LAB 3/alu_module.sv Line: 24
Warning (10240): Verilog HDL Always Construct warning at alu_module.sv(24): inferring latch(es) for variable "adder_flag", which holds its previous value in one or more paths through the always construct File: /home/gsegura/Documents/taller/laboratorio3/LAB 3/alu_module.sv Line: 24
Warning (10240): Verilog HDL Always Construct warning at alu_module.sv(24): inferring latch(es) for variable "shifter_flag", which holds its previous value in one or more paths through the always construct File: /home/gsegura/Documents/taller/laboratorio3/LAB 3/alu_module.sv Line: 24
Warning (10034): Output port "Z_flag" at alu_module.sv(8) has no driver File: /home/gsegura/Documents/taller/laboratorio3/LAB 3/alu_module.sv Line: 8
Warning (10034): Output port "N_flag" at alu_module.sv(9) has no driver File: /home/gsegura/Documents/taller/laboratorio3/LAB 3/alu_module.sv Line: 9
Warning (10034): Output port "V_flag" at alu_module.sv(11) has no driver File: /home/gsegura/Documents/taller/laboratorio3/LAB 3/alu_module.sv Line: 11
Info (10041): Inferred latch for "shifter_flag[0]" at alu_module.sv(24) File: /home/gsegura/Documents/taller/laboratorio3/LAB 3/alu_module.sv Line: 24
Info (10041): Inferred latch for "shifter_flag[1]" at alu_module.sv(24) File: /home/gsegura/Documents/taller/laboratorio3/LAB 3/alu_module.sv Line: 24
Info (10041): Inferred latch for "adder_flag" at alu_module.sv(24) File: /home/gsegura/Documents/taller/laboratorio3/LAB 3/alu_module.sv Line: 24
Info (10041): Inferred latch for "Alu_Out[0]" at alu_module.sv(24) File: /home/gsegura/Documents/taller/laboratorio3/LAB 3/alu_module.sv Line: 24
Info (10041): Inferred latch for "Alu_Out[1]" at alu_module.sv(24) File: /home/gsegura/Documents/taller/laboratorio3/LAB 3/alu_module.sv Line: 24
Info (10041): Inferred latch for "Alu_Out[2]" at alu_module.sv(24) File: /home/gsegura/Documents/taller/laboratorio3/LAB 3/alu_module.sv Line: 24
Info (12128): Elaborating entity "Shifter" for hierarchy "Shifter:sll" File: /home/gsegura/Documents/taller/laboratorio3/LAB 3/alu_module.sv Line: 79
Info (12128): Elaborating entity "Shift" for hierarchy "Shifter:sll|Shift:generate_shift_registers[1].sb" File: /home/gsegura/Documents/taller/laboratorio3/LAB 3/Shifter.sv Line: 18
Warning (10230): Verilog HDL assignment warning at Shift.sv(23): truncated value with size 32 to match size of target (3) File: /home/gsegura/Documents/taller/laboratorio3/LAB 3/Shift.sv Line: 23
Info (12128): Elaborating entity "ShiftBit" for hierarchy "Shifter:sll|Shift:generate_shift_registers[1].sb|ShiftBit:generate_shift_registers[1].sb" File: /home/gsegura/Documents/taller/laboratorio3/LAB 3/Shift.sv Line: 31
Info (12128): Elaborating entity "N_BIT_ADDER" for hierarchy "N_BIT_ADDER:adder" File: /home/gsegura/Documents/taller/laboratorio3/LAB 3/alu_module.sv Line: 80
Info (12128): Elaborating entity "A2_complement" for hierarchy "N_BIT_ADDER:adder|A2_complement:a2_c" File: /home/gsegura/Documents/taller/laboratorio3/LAB 3/N_BIT_ADDER.sv Line: 10
Warning (10034): Output port "carry_o" at A2_complement.sv(4) has no driver File: /home/gsegura/Documents/taller/laboratorio3/LAB 3/A2_complement.sv Line: 4
Info (12128): Elaborating entity "A2_complement_aux" for hierarchy "N_BIT_ADDER:adder|A2_complement:a2_c|A2_complement_aux:generate_A2_auxs[1].a2_aux1" File: /home/gsegura/Documents/taller/laboratorio3/LAB 3/A2_complement.sv Line: 11
Info (12128): Elaborating entity "HALF_ADDER" for hierarchy "N_BIT_ADDER:adder|HALF_ADDER:GENERATE_N_BIT_ADDER[0].half_adder1" File: /home/gsegura/Documents/taller/laboratorio3/LAB 3/N_BIT_ADDER.sv Line: 19
Info (12128): Elaborating entity "FULL_ADDER" for hierarchy "N_BIT_ADDER:adder|FULL_ADDER:GENERATE_N_BIT_ADDER[1].full_adder1" File: /home/gsegura/Documents/taller/laboratorio3/LAB 3/N_BIT_ADDER.sv Line: 21
Warning (12241): 2 hierarchies have connectivity warnings - see the Connectivity Checks report folder
Info (144001): Generated suppressed messages file /home/gsegura/Documents/taller/laboratorio3/LAB 3/output_files/alu_module.map.smsg
Info: Quartus Prime Analysis & Elaboration was successful. 0 errors, 11 warnings
    Info: Peak virtual memory: 1242 megabytes
    Info: Processing ended: Mon Sep 16 22:58:36 2019
    Info: Elapsed time: 00:00:10
    Info: Total CPU time (on all processors): 00:00:27


+--------------------------------------------+
; Analysis & Elaboration Suppressed Messages ;
+--------------------------------------------+
The suppressed messages can be found in /home/gsegura/Documents/taller/laboratorio3/LAB 3/output_files/alu_module.map.smsg.


